// Jest Snapshot v1, https://goo.gl/fbAQLP

exports[`App should take a snapshot 1`] = `
<DocumentFragment>
  <h1>
    Etmek
  </h1>
  <p>
    list is empty, add your first todo
  </p>
  <ul />
  <section>
    Show:
    <div
      style="font-weight: bold;"
    >
      all
    </div>
    <div
      style="font-weight: normal;"
    >
      active
    </div>
    <div
      style="font-weight: normal;"
    >
      inactive
    </div>
  </section>
  <form>
    <label>
      Title:
      <input
        name="title"
        type="text"
        value=""
      />
    </label>
    <input
      type="submit"
      value="submit"
    />
  </form>
</DocumentFragment>
`;
